// Vitest Snapshot v1, https://vitest.dev/guide/snapshot.html

exports[`<Main /> > should render the heading 1`] = `
<main>
  <h1>
    React Avan√ßado
  </h1>
</main>
`;
